Command: C:\Espressif\tools\python\v6.0\venv\Scripts\python.exe C:\esp\v6.0\esp-idf\tools/idf_monitor.py -p COM10 -b 115200 --toolchain-prefix xtensa-esp32-elf- --target esp32 --revision 0 C:\Users\sreej\OneDrive\Desktop\Entri Videos\ESP32 Projects\adc\build\adc.elf C:\Users\sreej\OneDrive\Desktop\Entri Videos\ESP32 Projects\adc\build\bootloader\bootloader.elf --force-color -m 'C:\Espressif\tools\python\v6.0\venv\Scripts\python.exe' 'C:\esp\v6.0\esp-idf\tools\idf.py' '-p' 'COM10'
Y.�2: SPI Flash Size : 2MB
I (�ets Jul 29 2019 12:21:46

rst:0x1 (POWERON_RESET),boot:0x13 (SPI_FAST_FLASH_BOOT)
configsip: 0, SPIWP:0xee
clk_drv:0x00,q_drv:0x00,d_drv:0x00,cs0_drv:0x00,hd_drv:0x00,wp_drv:0x00
mode:DIO, clock div:2
load:0x3fff0040,len:6272
load:0x40078000,len:15848
load:0x40080400,len:3920
entry 0x40080644
[0;32mI (27) boot: ESP-IDF -128-NOTFOUND 2nd stage bootloader[0m
[0;32mI (27) boot: compile time Mar 26 2026 20:39:12[0m
[0;32mI (28) boot: Multicore bootloader[0m
[0;32mI (29) boot: chip revision: v3.1[0m
[0;32mI (32) boot.esp32: SPI Speed      : 40MHz[0m
[0;32mI (36) boot.esp32: SPI Mode       : DIO[0m
[0;32mI (39) boot.esp32: SPI Flash Size : 2MB[0m
[0;32mI (43) boot: Enabling RNG early entropy source...[0m
[0;32mI (47) boot: Partition Table:[0m
[0;32mI (50) boot: ## Label            Usage          Type ST Offset   Length[0m
[0;32mI (56) boot:  0 nvs              WiFi data        01 02 00009000 00006000[0m
[0;32mI (63) boot:  1 phy_init         RF data          01 01 0000f000 00001000[0m
[0;32mI (69) boot:  2 factory          factory app      00 00 00010000 00100000[0m
[0;32mI (76) boot: End of partition table[0m
[0;32mI (79) esp_image: segment 0: paddr=00010020 vaddr=3f400020 size=08ce0h ( 36064) map[0m
[0;32mI (100) esp_image: segment 1: paddr=00018d08 vaddr=3ffb0000 size=02a2ch ( 10796) load[0m
[0;32mI (104) esp_image: segment 2: paddr=0001b73c vaddr=40080000 size=048dch ( 18652) load[0m
[0;32mI (112) esp_image: segment 3: paddr=00020020 vaddr=400d0020 size=0db08h ( 56072) map[0m
[0;32mI (132) esp_image: segment 4: paddr=0002db30 vaddr=400848dc size=062d0h ( 25296) load[0m
[0;32mI (143) esp_image: segment 5: paddr=00033e08 vaddr=50000000 size=00028h (    40) load[0m
[0;32mI (149) boot: Loaded app from partition at offset 0x10000[0m
[0;32mI (149) boot: Disabling RNG early entropy source...[0m
[0;32mI (161) cpu_start: Multicore app[0m
[0;32mI (169) cpu_start: GPIO 3 and 1 are used as console UART I/O pins[0m
[0;32mI (169) cpu_start: Pro cpu start user code[0m
[0;32mI (170) cpu_start: cpu freq: 160000000 Hz[0m
[0;32mI (171) app_init: Application information:[0m
[0;32mI (175) app_init: Project name:     adc[0m
[0;32mI (179) app_init: App version:      1[0m
[0;32mI (182) app_init: Compile time:     Mar 26 2026 20:57:42[0m
[0;32mI (187) app_init: ELF file SHA256:  ac601fa8f...[0m
[0;32mI (191) app_init: ESP-IDF:          -128-NOTFOUND[0m
[0;32mI (196) efuse_init: Min chip rev:     v0.0[0m
[0;32mI (200) efuse_init: Max chip rev:     v3.99 [0m
[0;32mI (204) efuse_init: Chip rev:         v3.1[0m
[0;32mI (208) heap_init: Initializing. RAM available for dynamic allocation:[0m
[0;32mI (214) heap_init: At 3FFAE6E0 len 00001920 (6 KiB): DRAM[0m
[0;32mI (219) heap_init: At 3FFB33F8 len 0002CC08 (179 KiB): DRAM[0m
[0;32mI (224) heap_init: At 3FFE0440 len 00003AE0 (14 KiB): D/IRAM[0m
[0;32mI (230) heap_init: At 3FFE4350 len 0001BCB0 (111 KiB): D/IRAM[0m
[0;32mI (235) heap_init: At 4008ABAC len 00015454 (85 KiB): IRAM[0m
[0;32mI (242) spi_flash: detected chip: generic[0m
[0;32mI (244) spi_flash: flash io: dio[0m
[0;33mW (247) spi_flash: Detected size(4096k) larger than the size in the binary image header(2048k). Using the size in the binary image header.[0m
[0;32mI (260) main_task: Started on CPU0[0m
[0;32mI (270) main_task: Calling app_main()[0m
Raw ADC Value = 4095
Raw ADC Value = 4095
Raw ADC Value = 4095
Raw ADC Value = 4095
Raw ADC Value = 4095
Raw ADC Value = 4095
Raw ADC Value = 4095
Raw ADC Value = 3999
Raw ADC Value = 1123
Raw ADC Value = 1197
Raw ADC Value = 1081
Raw ADC Value = 1327
Raw ADC Value = 1411
Raw ADC Value = 1356
Raw ADC Value = 0
Raw ADC Value = 61
Raw ADC Value = 71
Raw ADC Value = 4095
Raw ADC Value = 4095
Raw ADC Value = 4095
Raw ADC Value = 4095
Raw ADC Value = 4095
Raw ADC Value = 4095
Raw ADC Value = 4095
Raw ADC Value = 4095
Raw ADC Value = 4095
Raw ADC Value = 4095
Raw ADC Value = 138
Raw ADC Value = 0
Raw ADC Value = 0
Raw ADC Value = 0
Raw ADC Value = 0
Raw ADC Value = 0
Raw ADC Value = 0
Raw ADC Value = 0
Raw ADC Value = 4095
Raw ADC Value = 439
Raw ADC Value = 938
Raw ADC Value = 903
Raw ADC Value = 1169
Raw ADC Value = 1323
Raw ADC Value = 1472
Raw ADC Value = 1685
Raw ADC Value = 1791
Raw ADC Value = 1869
Raw ADC Value = 1968
Raw ADC Value = 2014
Raw ADC Value = 1986
Raw ADC Value = 2011
Raw ADC Value = 1919
Raw ADC Value = 1814
Raw ADC Value = 1673
Raw ADC Value = 1535
Raw ADC Value = 1406
Raw ADC Value = 1321
Raw ADC Value = 1280
Raw ADC Value = 1233
Raw ADC Value = 1180
Raw ADC Value = 1136
Raw ADC Value = 1082
Raw ADC Value = 1035
Raw ADC Value = 981
Raw ADC Value = 946
Raw ADC Value = 903
Raw ADC Value = 865
Raw ADC Value = 829
Raw ADC Value = 787
Raw ADC Value = 774
Raw ADC Value = 739
Raw ADC Value = 695
Raw ADC Value = 622
Raw ADC Value = 567
Raw ADC Value = 511
Raw ADC Value = 546
Raw ADC Value = 586
Raw ADC Value = 703
Raw ADC Value = 771
Raw ADC Value = 843
Raw ADC Value = 918
Raw ADC Value = 993
Raw ADC Value = 1073
Raw ADC Value = 1136
