Command: C:\Espressif\tools\python\v6.0\venv\Scripts\python.exe C:\esp\v6.0\esp-idf\tools/idf_monitor.py -p com10 -b 115200 --toolchain-prefix xtensa-esp32-elf- --target esp32 --revision 0 C:\Users\sreej\OneDrive\Desktop\ESP32\ESP32 Projects\wifi\build\wifi.elf C:\Users\sreej\OneDrive\Desktop\ESP32\ESP32 Projects\wifi\build\bootloader\bootloader.elf --force-color -m 'C:\Espressif\tools\python\v6.0\venv\Scripts\python.exe' 'C:\esp\v6.0\esp-idf\tools\idf.py' '-p' 'com10'
��A%�Flash Size : 2MB
I �ets Jul 29 2019 12:21:46

rst:0x1 (POWERON_RESET),boot:0x13 (SPI_FAST_FLASH_BOOT)
configsip: 0, SPIWP:0xee
clk_drv:0x00,q_drv:0x00,d_drv:0x00,cs0_drv:0x00,hd_drv:0x00,wp_drv:0x00
mode:DIO, clock div:2
load:0x3fff0040,len:6272
load:0x40078000,len:15848
load:0x40080400,len:3920
entry 0x40080644
[0;32mI (27) boot: ESP-IDF -128-NOTFOUND 2nd stage bootloader[0m
[0;32mI (27) boot: compile time Mar 27 2026 18:14:03[0m
[0;32mI (28) boot: Multicore bootloader[0m
[0;32mI (29) boot: chip revision: v3.1[0m
[0;32mI (32) boot.esp32: SPI Speed      : 40MHz[0m
[0;32mI (36) boot.esp32: SPI Mode       : DIO[0m
[0;32mI (39) boot.esp32: SPI Flash Size : 2MB[0m
[0;32mI (43) boot: Enabling RNG early entropy source...[0m
[0;32mI (47) boot: Partition Table:[0m
[0;32mI (50) boot: ## Label            Usage          Type ST Offset   Length[0m
[0;32mI (56) boot:  0 nvs              WiFi data        01 02 00009000 00006000[0m
[0;32mI (63) boot:  1 phy_init         RF data          01 01 0000f000 00001000[0m
[0;32mI (69) boot:  2 factory          factory app      00 00 00010000 00100000[0m
[0;32mI (76) boot: End of partition table[0m
[0;32mI (79) esp_image: segment 0: paddr=00010020 vaddr=3f400020 size=194f0h (103664) map[0m
[0;32mI (124) esp_image: segment 1: paddr=00029518 vaddr=3ffb0000 size=04528h ( 17704) load[0m
[0;32mI (131) esp_image: segment 2: paddr=0002da48 vaddr=40080000 size=025d0h (  9680) load[0m
[0;32mI (135) esp_image: segment 3: paddr=00030020 vaddr=400d0020 size=83ba8h (539560) map[0m
[0;32mI (328) esp_image: segment 4: paddr=000b3bd0 vaddr=400825d0 size=13028h ( 77864) load[0m
[0;32mI (359) esp_image: segment 5: paddr=000c6c00 vaddr=50000000 size=00028h (    40) load[0m
[0;32mI (370) boot: Loaded app from partition at offset 0x10000[0m
[0;32mI (371) boot: Disabling RNG early entropy source...[0m
[0;32mI (381) cpu_start: Multicore app[0m
[0;32mI (389) cpu_start: GPIO 3 and 1 are used as console UART I/O pins[0m
[0;32mI (390) cpu_start: Pro cpu start user code[0m
[0;32mI (390) cpu_start: cpu freq: 160000000 Hz[0m
[0;32mI (391) app_init: Application information:[0m
[0;32mI (395) app_init: Project name:     wifi[0m
[0;32mI (399) app_init: App version:      6e0b81e[0m
[0;32mI (403) app_init: Compile time:     Mar 27 2026 18:13:44[0m
[0;32mI (408) app_init: ELF file SHA256:  d2ab8bcb4...[0m
[0;32mI (412) app_init: ESP-IDF:          -128-NOTFOUND[0m
[0;32mI (417) efuse_init: Min chip rev:     v0.0[0m
[0;32mI (420) efuse_init: Max chip rev:     v3.99 [0m
[0;32mI (424) efuse_init: Chip rev:         v3.1[0m
[0;32mI (429) heap_init: Initializing. RAM available for dynamic allocation:[0m
[0;32mI (435) heap_init: At 3FFAE6E0 len 00001920 (6 KiB): DRAM[0m
[0;32mI (440) heap_init: At 3FFB8968 len 00027698 (157 KiB): DRAM[0m
[0;32mI (445) heap_init: At 3FFE0440 len 00003AE0 (14 KiB): D/IRAM[0m
[0;32mI (450) heap_init: At 3FFE4350 len 0001BCB0 (111 KiB): D/IRAM[0m
[0;32mI (456) heap_init: At 400955F8 len 0000AA08 (42 KiB): IRAM[0m
[0;32mI (463) spi_flash: detected chip: generic[0m
[0;32mI (465) spi_flash: flash io: dio[0m
[0;33mW (468) spi_flash: Detected size(4096k) larger than the size in the binary image header(2048k). Using the size in the binary image header.[0m
[0;32mI (482) main_task: Started on CPU0[0m
[0;32mI (492) main_task: Calling app_main()[0m
[0;32mI (522) wifi:wifi driver task: 3ffc046c, prio:23, stack:6656, core=0[0m
[0;32mI (532) wifi:wifi firmware version: 44738b4[0m
[0;32mI (532) wifi:wifi certification version: v7.0[0m
[0;32mI (532) wifi:config NVS flash: enabled[0m
[0;32mI (532) wifi:config nano formatting: disabled[0m
[0;32mI (542) wifi:Init data frame dynamic rx buffer num: 32[0m
[0;32mI (542) wifi:Init static rx mgmt buffer num: 5[0m
[0;32mI (542) wifi:Init management short buffer num: 32[0m
[0;32mI (552) wifi:Init dynamic tx buffer num: 32[0m
[0;32mI (552) wifi:Init static rx buffer size: 1600[0m
[0;32mI (562) wifi:Init static rx buffe�ets Jul 29 2019 12:21:46[0m

rst:0x1 (POWERON_RESET),boot:0x13 (SPI_FAST_FLASH_BOOT)
configsip: 0, SPIWP:0xee
clk_drv:0x00,q_drv:0x00,d_drv:0x00,cs0_drv:0x00,hd_drv:0x00,wp_drv:0x00
mode:DIO, clock div:2
load:0x3fff0040,len:6272
load:0x40078000,len:15848
load:0x40080400,len:3920
entry 0x40080644
[0;32mI (27) boot: ESP-IDF -128-NOTFOUND 2nd stage bootloader[0m
[0;32mI (27) boot: compile time Mar 27 2026 18:14:03[0m
[0;32mI (28) boot: Multicore bootloader[0m
[0;32mI (29) boot: chip revision: v3.1[0m
[0;32mI (32) boot.esp32: SPI Speed      : 40MHz[0m
[0;32mI (36) boot.esp32: SPI Mode       : DIO[0m
[0;32mI (39) boot.esp32: SPI Flash Size : 2MB[0m
[0;32mI (43) boot: Enabling RNG early entropy source...[0m
[0;32mI (47) boot: Partition Table:[0m
[0;32mI (50) boot: ## Label            Usage          Type ST Offset   Length[0m
[0;32mI (56) boot:  0 nvs              WiFi data        01 02 00009000 00006000[0m
[0;32mI (63) boot:  1 phy_init         RF data          01 01 0000f000 00001000[0m
[0;32mI (69) boot:  2 factory          factory app      00 00 00010000 00100000[0m
[0;32mI (76) boot: End of partition table[0m
[0;32mI (79) esp_image: segment 0: paddr=00010020 vaddr=3f400020 size=194f0h (103664) map[0m
[0;32mI (124) esp_image: segment 1: paddr=00029518 vaddr=3ffb0000 size=04528h ( 17704) load[0m
[0;32mI (131) esp_image: segment 2: paddr=0002da48 vaddr=40080000 size=025d0h (  9680) load[0m
[0;32mI (135) esp_image: segment 3: paddr=00030020 vaddr=400d0020 size=83ba8h (539560) map[0m
[0;32mI (328) esp_image: segment 4: paddr=000b3bd0 vaddr=400825d0 size=13028h ( 77864) load[0m
[0;32mI (359) esp_image: segment 5: paddr=000c6c00 vaddr=50000000 size=00028h (    40) load[0m
[0;32mI (370) boot: Loaded app from partition at offset 0x10000[0m
[0;32mI (371) boot: Disabling RNG early entropy source...[0m
[0;32mI (381) cpu_start: Multicore app[0m
[0;32mI (389) cpu_start: GPIO 3 and 1 are used as console UART I/O pins[0m
[0;32mI (390) cpu_start: Pro cpu start user code[0m
[0;32mI (390) cpu_start: cpu freq: 160000000 Hz[0m
[0;32mI (391) app_init: Application information:[0m
[0;32mI (395) app_init: Project name:     wifi[0m
[0;32mI (399) app_init: App version:      6e0b81e[0m
[0;32mI (403) app_init: Compile time:     Mar 27 2026 18:13:44[0m
[0;32mI (408) app_init: ELF file SHA256:  d2ab8bcb4...[0m
[0;32mI (412) app_init: ESP-IDF:          -128-NOTFOUND[0m
[0;32mI (417) efuse_init: Min chip rev:     v0.0[0m
[0;32mI (420) efuse_init: Max chip rev:     v3.99 [0m
[0;32mI (424) efuse_init: Chip rev:         v3.1[0m
[0;32mI (429) heap_init: Initializing. RAM available for dynamic allocation:[0m
[0;32mI (435) heap_init: At 3FFAE6E0 len 00001920 (6 KiB): DRAM[0m
[0;32mI (440) heap_init: At 3FFB8968 len 00027698 (157 KiB): DRAM[0m
[0;32mI (445) heap_init: At 3FFE0440 len 00003AE0 (14 KiB): D/IRAM[0m
[0;32mI (450) heap_init: At 3FFE4350 len 0001BCB0 (111 KiB): D/IRAM[0m
[0;32mI (456) heap_init: At 400955F8 len 0000AA08 (42 KiB): IRAM[0m
[0;32mI (463) spi_flash: detected chip: generic[0m
[0;32mI (465) spi_flash: flash io: dio[0m
[0;33mW (468) spi_flash: Detected size(4096k) larger than the size in the binary image header(2048k). Using the size in the binary image header.[0m
[0;32mI (482) main_task: Started on CPU0[0m
[0;32mI (492) main_task: Calling app_main()[0m
[0;32mI (522) wifi:wifi driver task: 3ffc046c, prio:23, stack:6656, core=0[0m
[0;32mI (532) wifi:wifi firmware version: 44738b4[0m
[0;32mI (532) wifi:wifi certification version: v7.0[0m
[0;32mI (532) wifi:config NVS flash: enabled[0m
[0;32mI (532) wifi:config nano formatting: disabled[0m
[0;32mI (542) wifi:Init data frame dynamic rx buffer num: 32[0m
[0;32mI (542) wifi:Init static rx mgmt buffer num: 5[0m
[0;32mI (542) wifi:Init management short buffer num: 32[0m
[0;32mI (552) wifi:Init dynamic tx buffer num: 32[0m
[0;32mI (552) wifi:Init static rx buffer size: 1600[0m
[0;32mI (562) wifi:Init static rx buffer num: 10[0m
[0;32mI (562) wifi:Init dynamic rx buffer num: 32[0m
[0;32mI (572) wifi_init: rx ba win: 6[0m
[0;32mI (572) wifi_init: accept mbox: 6[0m
[0;32mI (572) wifi_init: tcpip mbox: 32[0m
[0;32mI (572) wifi_init: udp mbox: 6[0m
[0;32mI (582) wifi_init: tcp mbox: 6[0m
[0;32mI (582) wifi_init: tcp tx win: 5760[0m
[0;32mI (582) wifi_init: tcp rx win: 5760[0m
[0;32mI (592) wifi_init: tcp mss: 1440[0m
[0;32mI (592) wifi_init: WiFi IRAM OP enabled[0m
[0;32mI (592) wifi_init: WiFi RX IRAM OP enabled[0m
[0;33mW (602) wifi:Password length matches WPA2 standards, authmode threshold changes from OPEN to WPA2[0m
[0;32mI (632) phy_init: phy_version 4863,a3a4459,Oct 28 2025,14:30:06[0m
[0;32mI (732) phy_init: Saving new calibration data due to checksum failure or outdated calibration data, mode(0)[0m
[0;32mI (782) wifi:mode : sta (14:2b:2f:c8:f3:0c)[0m
[0;32mI (782) wifi:enable tsf[0m
WiFi Started
Disconnected, reason: 201
Disconnected, reason: 201
Disconnected, reason: 201
Disconnected, reason: 201
Disconnected, reason: 201
Disconnected, reason: 201
Disconnected, reason: 201
Disconnected, reason: 201
Disconnected, reason: 201
Disconnected, reason: 201
Disconnected, reason: 201
Disconnected, reason: 201
Disconnected, reason: 201
Disconnected, reason: 201
Disconnected, reason: 201
Disconnected, reason: 201
Disconnected, reason: 201
Disconnected, reason: 201
Disconnected, reason: 201
Disconnected, reason: 201
Disconnected, reason: 201
Disconnected, reason: 201
Disconnected, reason: 201
Disconnected, reason: 201
Disconnected, reason: 201
Disconnected, reason: 201
Disconnected, reason: 201
Disconnected, reason: 201
Disconnected, reason: 201
Disconnected, reason: 201
Disconnected, reason: 201
Disconnected, reason: 201
Disconnected, reason: 201
Disconnected, reason: 201
Disconnected, reason: 201
Disconnected, reason: 201
Disconnected, reason: 201
Disconnected, reason: 201
Disconnected, reason: 201
Disconnected, reason: 201
Disconnected, reason: 201
Disconnected, reason: 201
Disconnected, reason: 201
Disconnected, reason: 201
Disconnected, reason: 201
Disconnected, reason: 201
Disconnected, reason: 201
Disconnected, reason: 201
Disconnected, reason: 201
Disconnected, reason: 201
Disconnected, reason: 201
Disconnected, reason: 201
Disconnected, reason: 201
Disconnected, reason: 201
Disconnected, reason: 201
Disconnected, reason: 201
Disconnected, reason: 201
Disconnected, reason: 201
Disconnected, reason: 201
Disconnected, reason: 201
Disconnected, reason: 201
Disconnected, reason: 201
Disconnected, reason: 201
Disconnected, reason: 201
Disconnected, reason: 201
Disconnected, reason: 201
Disconnected, reason: 201
Disconnected, reason: 201
Disconnected, reason: 201
Disconnected, reason: 201
Disconnected, reason: 201
Disconnected, reason: 201
Disconnected, reason: 201
Disconnected, reason: 201
Disconnected, reason: 201
Disconnected, reason: 201
Disconnected, reason: 201
Disconnected, reason: 201
Disconnected, reason: 201
Disconnected, reason: 201
Disconnected, reason: 201
Disconnected, reason: 201
Disconnected, reason: 201
Disconnected, reason: 201
Disconnected, reason: 201
Disconnected, reason: 201
Disconnected, reason: 201
Disconnected, reason: 201
Disconnected, reason: 201
Disconnected, reason: 201
Disconnected, reason: 201
Disconnected, reason: 201
Disconnected, reason: 201
Disconnected, reason: 201
Disconnected, reason: 201
Disconnected, reason: 201
Disconnected, reason: 201
Disconnected, reason: 201
Disconnected, reason: 201
Disconnected, reason: 201
Disconnected, reason: 201
Disconnected, reason: 201
Disconnected, reason: 201
Disconnected, reason: 201
Disconnected, reason: 201
Disconnected, reason: 201
Disconnected, reason: 201
Disconnected, reason: 201
Disconnected, reason: 201
Disconnected, reason: 201
Disconnected, reason: 201
Disconnected, reason: 201
Disconnected, reason: 201
Disconnected, reason: 201
Disconnected, reason: 201
Disconnected, reason: 201
Disconnected, reason: 201
Disconnected, reason: 201
Disconnected, reason: 201
Disconnected, reason: 201
Disconnected, reason: 201
Disconnected, reason: 201
Disconnected, reason: 201
Disconnected, reason: 201
Disconnected, reason: 201
Disconnected, reason: 201
Disconnected, reason: 201
Disconnected, reason: 201
Disconnected, reason: 201
Disconnected, reason: 201
Disconnected, reason: 201
Disconnected, reason: 201
Disconnected, reason: 201
Disconnected, reason: 201
Disconnected, reason: 201
Disconnected, reason: 201
ets Jul 29 2019 12:21:46

rst:0x1 (POWERON_RESET),boot:0x13 (SPI_FAST_FLASH_BOOT)
configsip: 0, SPIWP:0xee
clk_drv:0x00,q_drv:0x00,d_drv:0x00,cs0_drv:0x00,hd_drv:0x00,wp_drv:0x00
mode:DIO, clock div:2
load:0x3fff0040,len:6272
load:0x40078000,len:15848
load:0x40080400,len:3920
entry 0x40080644
[0;32mI (27) boot: ESP-IDF -128-NOTFOUND 2nd stage bootloader[0m
[0;32mI (27) boot: compile time Mar 27 2026 18:14:03[0m
[0;32mI (28) boot: Multicore bootloader[0m
[0;32mI (29) boot: chip revision: v3.1[0m
[0;32mI (32) boot.esp32: SPI Speed      : 40MHz[0m
[0;32mI (36) boot.esp32: SPI Mode       : DIO[0m
[0;32mI (39) boot.esp32: SPI Flash Size : 2MB[0m
[0;32mI (43) boot: Enabling RNG early entropy source...[0m
[0;32mI (47) boot: Partition Table:[0m
[0;32mI (50) boot: ## Label            Usage          Type ST Offset   Length[0m
[0;32mI (56) boot:  0 nvs              WiFi data        01 02 00009000 00006000[0m
[0;32mI (63) boot:  1 phy_init         RF data          01 01 0000f000 00001000[0m
[0;32mI (69) boot:  2 factory          factory app      00 00 00010000 00100000[0m
[0;32mI (76) boot: End of partition table[0m
[0;32mI (79) esp_image: segment 0: paddr=00010020 vaddr=3f400020 size=194f0h (103664) map[0m
[0;32mI (124) esp_image: segment 1: paddr=00029518 vaddr=3ffb0000 size=04528h ( 17704) load[0m
[0;32mI (131) esp_image: segment 2: paddr=0002da48 vaddr=40080000 size=025d0h (  9680) load[0m
[0;32mI (135) esp_image: segment 3: paddr=00030020 vaddr=400d0020 size=83ba8h (539560) map[0m
[0;32mI (328) esp_image: segment 4: paddr=000b3bd0 vaddr=400825d0 size=13028h ( 77864) load[0m
[0;32mI (359) esp_image: segment 5: paddr=000c6c00 vaddr=50000000 size=00028h (    40) load[0m
[0;32mI (370) boot: Loaded app from partition at offset 0x10000[0m
[0;32mI (371) boot: Disabling RNG early entropy source...[0m
[0;32mI (381) cpu_start: Multicore app[0m
[0;32mI (389) cpu_start: GPIO 3 and 1 are used as console UART I/O pins[0m
[0;32mI (390) cpu_start: Pro cpu start user code[0m
[0;32mI (390) cpu_start: cpu freq: 160000000 Hz[0m
[0;32mI (391) app_init: Application information:[0m
[0;32mI (395) app_init: Project name:     wifi[0m
[0;32mI (399) app_init: App version:      6e0b81e[0m
[0;32mI (403) app_init: Compile time:     Mar 27 2026 18:13:44[0m
[0;32mI (408) app_init: ELF file SHA256:  d2ab8bcb4...[0m
[0;32mI (412) app_init: ESP-IDF:          -128-NOTFOUND[0m
[0;32mI (417) efuse_init: Min chip rev:     v0.0[0m
[0;32mI (420) efuse_init: Max chip rev:     v3.99 [0m
[0;32mI (424) efuse_init: Chip rev:         v3.1[0m
[0;32mI (429) heap_init: Initializing. RAM available for dynamic allocation:[0m
[0;32mI (435) heap_init: At 3FFAE6E0 len 00001920 (6 KiB): DRAM[0m
[0;32mI (440) heap_init: At 3FFB8968 len 00027698 (157 KiB): DRAM[0m
[0;32mI (445) heap_init: At 3FFE0440 len 00003AE0 (14 KiB): D/IRAM[0m
[0;32mI (450) heap_init: At 3FFE4350 len 0001BCB0 (111 KiB): D/IRAM[0m
[0;32mI (456) heap_init: At 400955F8 len 0000AA08 (42 KiB): IRAM[0m
[0;32mI (463) spi_flash: detected chip: generic[0m
[0;32mI (465) spi_flash: flash io: dio[0m
[0;33mW (468) spi_flash: Detected size(4096k) larger than the size in the binary image header(2048k). Using the size in the binary image header.[0m
[0;32mI (482) main_task: Started on CPU0[0m
[0;32mI (492) main_task: Calling app_main()[0m
[0;32mI (522) wifi:wifi driver task: 3ffc03e8, prio:23, stack:6656, core=0[0m
[0;32mI (532) wifi:wifi firmware version: 44738b4[0m
[0;32mI (532) wifi:wifi certification version: v7.0[0m
[0;32mI (532) wifi:config NVS flash: enabled[0m
[0;32mI (532) wifi:config nano formatting: disabled[0m
[0;32mI (542) wifi:Init data frame dynamic rx buffer num: 32[0m
[0;32mI (542) wifi:Init static rx mgmt buffer num: 5[0m
[0;32mI (542) wifi:Init management short buffer num: 32[0m
[0;32mI (552) wifi:Init dynamic tx buffer num: 32[0m
[0;32mI (552) wifi:Init static rx buffer size: 1600[0m
[0;32mI (562) wifi:Init static rx buffer num: 10[0m
[0;32mI (562) wifi:Init dynamic rx buffer num: 32[0m
[0;32mI (572) wifi_init: rx ba win: 6[0m
[0;32mI (572) wifi_init: accept mbox: 6[0m
[0;32mI (572) wifi_init: tcpip mbox: 32[0m
[0;32mI (572) wifi_init: udp mbox: 6[0m
[0;32mI (582) wifi_init: tcp mbox: 6[0m
[0;32mI (582) wifi_init: tcp tx win: 5760[0m
[0;32mI (582) wifi_init: tcp rx win: 5760[0m
[0;32mI (592) wifi_init: tcp mss: 1440[0m
[0;32mI (592) wifi_init: WiFi IRAM OP enabled[0m
[0;32mI (592) wifi_init: WiFi RX IRAM OP enabled[0m
[0;33mW (602) wifi:Password length matches WPA2 standards, authmode threshold changes from OPEN to WPA2[0m
[0;32mI (602) phy_init: phy_version 4863,a3a4459,Oct 28 2025,14:30:06[0m
[0;32mI (692) phy_init: Saving new calibration data due to checksum failure or outdated calibration data, mode(0)[0m
[0;32mI (712) wifi:mode : sta (14:2b:2f:c8:f3:0c)[0m
[0;32mI (712) wifi:enable tsf[0m
WiFi Started
Disconnected, reason: 201
Disconnected, reason: 201
Disconnected, reason: 201
Disconnected, reason: 201
Disconnected, reason: 201
Disconnected, reason: 201
Disconnected, reason: 201
Disconnected, reason: 201
Disconnected, reason: 201
Disconnected, reason: 201
Disconnected, reason: 201
Disconnected, reason: 201
Disconnected, reason: 201
Disconnected, reason: 201
Disconnected, reason: 201
Disconnected, reason: 201
Disconnected, reason: 201
Disconnected, reason: 201
Disconnected, reason: 201
Disconnected, reason: 201
Disconnected, reason: 201
Disconnected, reason: 201
Disconnected, reason: 201
Disconnected, reason: 201
Disconnected, reason: 201
Disconnected, reason: 201
Disconnected, reason: 201
Disconnected, reason: 201
Disconnected, reason: 201
Disconnected, reason: 201
Disconnected, reason: 201
Disconnected, reason: 201
Disconnected, reason: 201
Disconnected, reason: 201
Disconnected, reason: 201
Disconnected, reason: 201
Disconnected, reason: 201
Disconnected, reason: 201
Disconnected, reason: 201
Disconnected, reason: 201
Disconnected, reason: 201
Disconnected, reason: 201
Disconnected, reason: 201
Disconnected, reason: 201
Disconnected, reason: 201
Disconnected, reason: 201
Disconnected, reason: 201
Disconnected, reason: 201
Disconnected, reason: 201
